{
  "Package": {
    "Name": {
      "Name": "toolbox"
    }
  },
  "Mods": null,
  "Uses": null,
  "Decls": [
    {
      "Pub": false,
      "Unsafe": false,
      "Name": {
        "Name": "map"
      },
      "TypeParams": [
        {
          "Name": {
            "Name": "T"
          },
          "Bounds": null,
          "IsTypeConstructor": false,
          "Arity": 0
        },
        {
          "Name": {
            "Name": "U"
          },
          "Bounds": null,
          "IsTypeConstructor": false,
          "Arity": 0
        }
      ],
      "Params": [
        {
          "Name": {
            "Name": "value"
          },
          "Type": {
            "Name": {
              "Name": "T"
            }
          }
        }
      ],
      "ReturnType": {
        "Name": {
          "Name": "U"
        }
      },
      "Effects": null,
      "Where": null,
      "Body": {
        "Stmts": [
          {
            "Value": {
              "Name": "value"
            }
          }
        ],
        "Tail": null
      }
    },
    {
      "Pub": false,
      "Name": {
        "Name": "Point"
      },
      "TypeParams": [
        {
          "Name": {
            "Name": "T"
          },
          "Bounds": null,
          "IsTypeConstructor": false,
          "Arity": 0
        }
      ],
      "Where": null,
      "Fields": [
        {
          "Name": {
            "Name": "x"
          },
          "Type": {
            "Name": {
              "Name": "T"
            }
          }
        },
        {
          "Name": {
            "Name": "y"
          },
          "Type": {
            "Name": {
              "Name": "T"
            }
          }
        }
      ]
    },
    {
      "Pub": false,
      "Name": {
        "Name": "Maybe"
      },
      "TypeParams": [
        {
          "Name": {
            "Name": "T"
          },
          "Bounds": null,
          "IsTypeConstructor": false,
          "Arity": 0
        }
      ],
      "Where": null,
      "Variants": [
        {
          "Name": {
            "Name": "Some"
          },
          "Payloads": [
            {
              "Name": {
                "Name": "T"
              }
            }
          ],
          "ReturnType": null
        },
        {
          "Name": {
            "Name": "None"
          },
          "Payloads": [],
          "ReturnType": null
        }
      ]
    },
    {
      "Pub": false,
      "Name": {
        "Name": "Alias"
      },
      "TypeParams": [
        {
          "Name": {
            "Name": "T"
          },
          "Bounds": null,
          "IsTypeConstructor": false,
          "Arity": 0
        }
      ],
      "Where": null,
      "Target": {
        "Base": {
          "Name": {
            "Name": "Maybe"
          }
        },
        "Args": [
          {
            "Name": {
              "Name": "T"
            }
          }
        ]
      }
    },
    {
      "Pub": false,
      "Name": {
        "Name": "MAX"
      },
      "Type": {
        "Name": {
          "Name": "i32"
        }
      },
      "Value": {
        "Text": "10"
      }
    },
    {
      "Pub": false,
      "Name": {
        "Name": "Printer"
      },
      "TypeParams": [
        {
          "Name": {
            "Name": "T"
          },
          "Bounds": null,
          "IsTypeConstructor": false,
          "Arity": 0
        }
      ],
      "Methods": [
        {
          "Pub": false,
          "Unsafe": false,
          "Name": {
            "Name": "print"
          },
          "TypeParams": null,
          "Params": [
            {
              "Name": {
                "Name": "value"
              },
              "Type": {
                "Name": {
                  "Name": "T"
                }
              }
            }
          ],
          "ReturnType": null,
          "Effects": null,
          "Where": null,
          "Body": {
            "Stmts": [
              {
                "Value": null
              }
            ],
            "Tail": null
          }
        }
      ],
      "AssociatedTypes": []
    },
    {
      "Pub": false,
      "TypeParams": null,
      "Trait": {
        "Name": {
          "Name": "Printer"
        }
      },
      "Target": {
        "Base": {
          "Name": {
            "Name": "Point"
          }
        },
        "Args": [
          {
            "Name": {
              "Name": "i32"
            }
          }
        ]
      },
      "Methods": [
        {
          "Pub": false,
          "Unsafe": false,
          "Name": {
            "Name": "print"
          },
          "TypeParams": null,
          "Params": [
            {
              "Name": {
                "Name": "value"
              },
              "Type": {
                "Base": {
                  "Name": {
                    "Name": "Point"
                  }
                },
                "Args": [
                  {
                    "Name": {
                      "Name": "i32"
                    }
                  }
                ]
              }
            }
          ],
          "ReturnType": null,
          "Effects": null,
          "Where": null,
          "Body": {
            "Stmts": [
              {
                "Value": null
              }
            ],
            "Tail": null
          }
        }
      ],
      "TypeAssignments": [],
      "Where": null
    }
  ]
}
