{
  "Package": {
    "Name": {
      "Name": "traits"
    }
  },
  "Mods": null,
  "Uses": null,
  "Decls": [
    {
      "Pub": false,
      "Name": {
        "Name": "Foo"
      },
      "TypeParams": null,
      "Where": null,
      "Methods": [
        {
          "Pub": false,
          "Unsafe": false,
          "Name": {
            "Name": "required"
          },
          "TypeParams": null,
          "Params": [
            {
              "Name": {
                "Name": "x"
              },
              "Type": {
                "Name": {
                  "Name": "i32"
                }
              }
            }
          ],
          "ReturnType": {
            "Name": {
              "Name": "i32"
            }
          },
          "Where": null,
          "Body": null
        },
        {
          "Pub": false,
          "Unsafe": false,
          "Name": {
            "Name": "defaulted"
          },
          "TypeParams": null,
          "Params": [
            {
              "Name": {
                "Name": "x"
              },
              "Type": {
                "Name": {
                  "Name": "i32"
                }
              }
            }
          ],
          "ReturnType": {
            "Name": {
              "Name": "i32"
            }
          },
          "Where": null,
          "Body": {
            "Stmts": null,
            "Tail": {
              "Op": "+",
              "Left": {
                "Name": "x"
              },
              "Right": {
                "Text": "1"
              }
            }
          }
        }
      ]
    },
    {
      "Pub": false,
      "Name": {
        "Name": "Bar"
      },
      "TypeParams": [
        {
          "Name": {
            "Name": "T"
          },
          "Bounds": null
        }
      ],
      "Where": null,
      "Methods": [
        {
          "Pub": false,
          "Unsafe": false,
          "Name": {
            "Name": "compute"
          },
          "TypeParams": null,
          "Params": [
            {
              "Name": {
                "Name": "value"
              },
              "Type": {
                "Name": {
                  "Name": "T"
                }
              }
            }
          ],
          "ReturnType": {
            "Name": {
              "Name": "T"
            }
          },
          "Where": null,
          "Body": null
        },
        {
          "Pub": false,
          "Unsafe": false,
          "Name": {
            "Name": "fallback"
          },
          "TypeParams": null,
          "Params": [
            {
              "Name": {
                "Name": "value"
              },
              "Type": {
                "Name": {
                  "Name": "T"
                }
              }
            }
          ],
          "ReturnType": {
            "Name": {
              "Name": "T"
            }
          },
          "Where": null,
          "Body": {
            "Stmts": null,
            "Tail": {
              "Name": "value"
            }
          }
        }
      ]
    }
  ]
}
