{
  "Package": {
    "Name": {
      "Name": "examples"
    }
  },
  "Mods": null,
  "Uses": null,
  "Decls": [
    {
      "Pub": false,
      "Unsafe": false,
      "Name": {
        "Name": "make_handler"
      },
      "TypeParams": null,
      "Params": [
        {
          "Name": {
            "Name": "value"
          },
          "Type": {
            "Base": {
              "Name": {
                "Name": "Result"
              }
            },
            "Args": [
              {
                "Name": {
                  "Name": "i32"
                }
              },
              {
                "Name": {
                  "Name": "bool"
                }
              }
            ]
          }
        },
        {
          "Name": {
            "Name": "flag"
          },
          "Type": {
            "Name": {
              "Name": "bool"
            }
          }
        }
      ],
      "ReturnType": {
        "TypeParams": null,
        "Params": [
          {
            "Name": {
              "Name": "i32"
            }
          },
          {
            "Name": {
              "Name": "bool"
            }
          }
        ],
        "Return": {
          "Base": {
            "Name": {
              "Name": "Result"
            }
          },
          "Args": [
            {
              "Name": {
                "Name": "i32"
              }
            },
            {
              "Name": {
                "Name": "bool"
              }
            }
          ]
        },
        "Effects": null
      },
      "Effects": null,
      "Where": null,
      "Body": {
        "Stmts": [
          {
            "Mutable": false,
            "Name": {
              "Name": "result"
            },
            "Type": {
              "Base": {
                "Name": {
                  "Name": "Result"
                }
              },
              "Args": [
                {
                  "Name": {
                    "Name": "i32"
                  }
                },
                {
                  "Name": {
                    "Name": "bool"
                  }
                }
              ]
            },
            "Value": {
              "Callee": {
                "Name": "process"
              },
              "Args": [
                {
                  "Name": "value"
                }
              ]
            }
          },
          {
            "Mutable": false,
            "Name": {
              "Name": "handler"
            },
            "Type": {
              "TypeParams": null,
              "Params": [
                {
                  "Name": {
                    "Name": "i32"
                  }
                },
                {
                  "Name": {
                    "Name": "bool"
                  }
                }
              ],
              "Return": {
                "Base": {
                  "Name": {
                    "Name": "Result"
                  }
                },
                "Args": [
                  {
                    "Name": {
                      "Name": "i32"
                    }
                  },
                  {
                    "Name": {
                      "Name": "bool"
                    }
                  }
                ]
              },
              "Effects": null
            },
            "Value": {
              "Name": "select_handler"
            }
          },
          {
            "Value": {
              "Name": "handler"
            }
          }
        ],
        "Tail": null
      }
    }
  ]
}
